[debug] [2026-06-18T10:44:46.599Z] ----------------------------------------------------------------------
[debug] [2026-06-18T10:44:46.600Z] Command:       /usr/local/bin/node /usr/local/bin/firebase deploy --only firestore:rules,storage --project javacrafts-6d675
[debug] [2026-06-18T10:44:46.600Z] CLI Version:   13.34.0
[debug] [2026-06-18T10:44:46.601Z] Platform:      darwin
[debug] [2026-06-18T10:44:46.601Z] Node Version:  v22.14.0
[debug] [2026-06-18T10:44:46.601Z] Time:          Thu Jun 18 2026 18:44:46 GMT+0800 (Philippine Standard Time)
[debug] [2026-06-18T10:44:46.601Z] ----------------------------------------------------------------------
[debug] 
[debug] [2026-06-18T10:44:46.706Z] > command requires scopes: ["email","openid","https://www.googleapis.com/auth/cloudplatformprojects.readonly","https://www.googleapis.com/auth/firebase","https://www.googleapis.com/auth/cloud-platform"]
[debug] [2026-06-18T10:44:46.707Z] > authorizing via signed-in user (rejesth.main@gmail.com)
[debug] [2026-06-18T10:44:46.707Z] [iam] checking project javacrafts-6d675 for permissions ["datastore.indexes.create","datastore.indexes.delete","datastore.indexes.list","datastore.indexes.update","firebase.projects.get","firebaserules.releases.create","firebaserules.releases.update","firebaserules.rulesets.create"]
[debug] [2026-06-18T10:44:46.707Z] Checked if tokens are valid: false, expires at: 1781765541939
[debug] [2026-06-18T10:44:46.708Z] Checked if tokens are valid: false, expires at: 1781765541939
[debug] [2026-06-18T10:44:46.708Z] > refreshing access token with scopes: []
[debug] [2026-06-18T10:44:46.709Z] >>> [apiv2][query] POST https://www.googleapis.com/oauth2/v3/token [none]
[debug] [2026-06-18T10:44:46.709Z] >>> [apiv2][body] POST https://www.googleapis.com/oauth2/v3/token [omitted]
[debug] [2026-06-18T10:44:47.050Z] <<< [apiv2][status] POST https://www.googleapis.com/oauth2/v3/token 200
[debug] [2026-06-18T10:44:47.050Z] <<< [apiv2][body] POST https://www.googleapis.com/oauth2/v3/token [omitted]
[debug] [2026-06-18T10:44:47.075Z] >>> [apiv2][query] POST https://cloudresourcemanager.googleapis.com/v1/projects/javacrafts-6d675:testIamPermissions [none]
[debug] [2026-06-18T10:44:47.075Z] >>> [apiv2][(partial)header] POST https://cloudresourcemanager.googleapis.com/v1/projects/javacrafts-6d675:testIamPermissions x-goog-quota-user=projects/javacrafts-6d675
[debug] [2026-06-18T10:44:47.075Z] >>> [apiv2][body] POST https://cloudresourcemanager.googleapis.com/v1/projects/javacrafts-6d675:testIamPermissions {"permissions":["datastore.indexes.create","datastore.indexes.delete","datastore.indexes.list","datastore.indexes.update","firebase.projects.get","firebaserules.releases.create","firebaserules.releases.update","firebaserules.rulesets.create"]}
[debug] [2026-06-18T10:44:48.194Z] <<< [apiv2][status] POST https://cloudresourcemanager.googleapis.com/v1/projects/javacrafts-6d675:testIamPermissions 200
[debug] [2026-06-18T10:44:48.194Z] <<< [apiv2][body] POST https://cloudresourcemanager.googleapis.com/v1/projects/javacrafts-6d675:testIamPermissions {}
[debug] [2026-06-18T10:44:48.195Z] [iam] error while checking permissions, command may fail: Authorization failed. This account is missing the following required permissions on project javacrafts-6d675:

  datastore.indexes.create
  datastore.indexes.delete
  datastore.indexes.list
  datastore.indexes.update
  firebase.projects.get
  firebaserules.releases.create
  firebaserules.releases.update
  firebaserules.rulesets.create
[info] 
[info] === Deploying to 'javacrafts-6d675'...
[info] 
[info] i  deploying storage, firestore 
[info] i  storage: ensuring required API firebasestorage.googleapis.com is enabled... 
[debug] [2026-06-18T10:44:48.198Z] Checked if tokens are valid: true, expires at: 1781783086050
[debug] [2026-06-18T10:44:48.198Z] Checked if tokens are valid: true, expires at: 1781783086050
[debug] [2026-06-18T10:44:48.198Z] >>> [apiv2][query] GET https://serviceusage.googleapis.com/v1/projects/javacrafts-6d675/services/firebasestorage.googleapis.com [none]
[debug] [2026-06-18T10:44:48.199Z] >>> [apiv2][(partial)header] GET https://serviceusage.googleapis.com/v1/projects/javacrafts-6d675/services/firebasestorage.googleapis.com x-goog-quota-user=projects/javacrafts-6d675
[debug] [2026-06-18T10:44:49.695Z] <<< [apiv2][status] GET https://serviceusage.googleapis.com/v1/projects/javacrafts-6d675/services/firebasestorage.googleapis.com 403
[debug] [2026-06-18T10:44:49.695Z] <<< [apiv2][body] GET https://serviceusage.googleapis.com/v1/projects/javacrafts-6d675/services/firebasestorage.googleapis.com [omitted]
[error] 
[error] Error: Request to https://serviceusage.googleapis.com/v1/projects/javacrafts-6d675/services/firebasestorage.googleapis.com had HTTP Error: 403, Permission denied to get service [firebasestorage.googleapis.com]
Help Token: AfYMUrh_14hpKvkuBRse9GK5rXZ9VImm6skPDPd6ZrpeCGN2lP_2QCMX1KnqKSR6FW-HXRawVbSH3wjZyd_njU9UbNhtOEcexleolrIzTpE0q_xa
[debug] [2026-06-18T10:44:49.863Z] Error Context: {
  "body": {
    "error": {
      "code": 403,
      "message": "Permission denied to get service [firebasestorage.googleapis.com]\nHelp Token: AfYMUrh_14hpKvkuBRse9GK5rXZ9VImm6skPDPd6ZrpeCGN2lP_2QCMX1KnqKSR6FW-HXRawVbSH3wjZyd_njU9UbNhtOEcexleolrIzTpE0q_xa",
      "status": "PERMISSION_DENIED",
      "details": [
        {
          "@type": "type.googleapis.com/google.rpc.PreconditionFailure",
          "violations": [
            {
              "type": "googleapis.com",
              "subject": "110002"
            }
          ]
        },
        {
          "@type": "type.googleapis.com/google.rpc.ErrorInfo",
          "reason": "AUTH_PERMISSION_DENIED",
          "domain": "serviceusage.googleapis.com"
        }
      ]
    }
  },
  "response": {
    "statusCode": 403
  }
}
[debug] [2026-06-18T10:44:59.071Z] ----------------------------------------------------------------------
[debug] [2026-06-18T10:44:59.072Z] Command:       /usr/local/bin/node /usr/local/bin/firebase deploy --only firestore:rules,storage --project javacrafts-6d675
[debug] [2026-06-18T10:44:59.073Z] CLI Version:   13.34.0
[debug] [2026-06-18T10:44:59.073Z] Platform:      darwin
[debug] [2026-06-18T10:44:59.073Z] Node Version:  v22.14.0
[debug] [2026-06-18T10:44:59.073Z] Time:          Thu Jun 18 2026 18:44:59 GMT+0800 (Philippine Standard Time)
[debug] [2026-06-18T10:44:59.073Z] ----------------------------------------------------------------------
[debug] 
[debug] [2026-06-18T10:44:59.176Z] > command requires scopes: ["email","openid","https://www.googleapis.com/auth/cloudplatformprojects.readonly","https://www.googleapis.com/auth/firebase","https://www.googleapis.com/auth/cloud-platform"]
[debug] [2026-06-18T10:44:59.177Z] > authorizing via signed-in user (rejesth.main@gmail.com)
[debug] [2026-06-18T10:44:59.177Z] [iam] checking project javacrafts-6d675 for permissions ["datastore.indexes.create","datastore.indexes.delete","datastore.indexes.list","datastore.indexes.update","firebase.projects.get","firebaserules.releases.create","firebaserules.releases.update","firebaserules.rulesets.create"]
[debug] [2026-06-18T10:44:59.178Z] Checked if tokens are valid: true, expires at: 1781783086050
[debug] [2026-06-18T10:44:59.178Z] Checked if tokens are valid: true, expires at: 1781783086050
[debug] [2026-06-18T10:44:59.178Z] >>> [apiv2][query] POST https://cloudresourcemanager.googleapis.com/v1/projects/javacrafts-6d675:testIamPermissions [none]
[debug] [2026-06-18T10:44:59.178Z] >>> [apiv2][(partial)header] POST https://cloudresourcemanager.googleapis.com/v1/projects/javacrafts-6d675:testIamPermissions x-goog-quota-user=projects/javacrafts-6d675
[debug] [2026-06-18T10:44:59.178Z] >>> [apiv2][body] POST https://cloudresourcemanager.googleapis.com/v1/projects/javacrafts-6d675:testIamPermissions {"permissions":["datastore.indexes.create","datastore.indexes.delete","datastore.indexes.list","datastore.indexes.update","firebase.projects.get","firebaserules.releases.create","firebaserules.releases.update","firebaserules.rulesets.create"]}
[debug] [2026-06-18T10:45:00.297Z] <<< [apiv2][status] POST https://cloudresourcemanager.googleapis.com/v1/projects/javacrafts-6d675:testIamPermissions 200
[debug] [2026-06-18T10:45:00.297Z] <<< [apiv2][body] POST https://cloudresourcemanager.googleapis.com/v1/projects/javacrafts-6d675:testIamPermissions {}
[debug] [2026-06-18T10:45:00.297Z] [iam] error while checking permissions, command may fail: Authorization failed. This account is missing the following required permissions on project javacrafts-6d675:

  datastore.indexes.create
  datastore.indexes.delete
  datastore.indexes.list
  datastore.indexes.update
  firebase.projects.get
  firebaserules.releases.create
  firebaserules.releases.update
  firebaserules.rulesets.create
[info] 
[info] === Deploying to 'javacrafts-6d675'...
[info] 
[info] i  deploying storage, firestore 
[info] i  storage: ensuring required API firebasestorage.googleapis.com is enabled... 
[debug] [2026-06-18T10:45:00.299Z] Checked if tokens are valid: true, expires at: 1781783086050
[debug] [2026-06-18T10:45:00.299Z] Checked if tokens are valid: true, expires at: 1781783086050
[debug] [2026-06-18T10:45:00.299Z] >>> [apiv2][query] GET https://serviceusage.googleapis.com/v1/projects/javacrafts-6d675/services/firebasestorage.googleapis.com [none]
[debug] [2026-06-18T10:45:00.299Z] >>> [apiv2][(partial)header] GET https://serviceusage.googleapis.com/v1/projects/javacrafts-6d675/services/firebasestorage.googleapis.com x-goog-quota-user=projects/javacrafts-6d675
[debug] [2026-06-18T10:45:01.710Z] <<< [apiv2][status] GET https://serviceusage.googleapis.com/v1/projects/javacrafts-6d675/services/firebasestorage.googleapis.com 403
[debug] [2026-06-18T10:45:01.710Z] <<< [apiv2][body] GET https://serviceusage.googleapis.com/v1/projects/javacrafts-6d675/services/firebasestorage.googleapis.com [omitted]
[error] 
[error] Error: Request to https://serviceusage.googleapis.com/v1/projects/javacrafts-6d675/services/firebasestorage.googleapis.com had HTTP Error: 403, Permission denied to get service [firebasestorage.googleapis.com]
Help Token: AfYMUrizg4ZYNHocVC2kVs8knY6Yx59VC0O1sNE-2bnj6PKfqWFy7K_gMvvmXHaa-EqGwwyAdmS9TP9Fc9CjOzG86cAaJQ22jkahrPX3IJQ6GpLF
[debug] [2026-06-18T10:45:01.867Z] Error Context: {
  "body": {
    "error": {
      "code": 403,
      "message": "Permission denied to get service [firebasestorage.googleapis.com]\nHelp Token: AfYMUrizg4ZYNHocVC2kVs8knY6Yx59VC0O1sNE-2bnj6PKfqWFy7K_gMvvmXHaa-EqGwwyAdmS9TP9Fc9CjOzG86cAaJQ22jkahrPX3IJQ6GpLF",
      "status": "PERMISSION_DENIED",
      "details": [
        {
          "@type": "type.googleapis.com/google.rpc.PreconditionFailure",
          "violations": [
            {
              "type": "googleapis.com",
              "subject": "110002"
            }
          ]
        },
        {
          "@type": "type.googleapis.com/google.rpc.ErrorInfo",
          "reason": "AUTH_PERMISSION_DENIED",
          "domain": "serviceusage.googleapis.com"
        }
      ]
    }
  },
  "response": {
    "statusCode": 403
  }
}
[debug] [2026-06-18T10:45:58.568Z] ----------------------------------------------------------------------
[debug] [2026-06-18T10:45:58.570Z] Command:       /usr/local/bin/node /usr/local/bin/firebase projects:list --json
[debug] [2026-06-18T10:45:58.570Z] CLI Version:   13.34.0
[debug] [2026-06-18T10:45:58.570Z] Platform:      darwin
[debug] [2026-06-18T10:45:58.570Z] Node Version:  v22.14.0
[debug] [2026-06-18T10:45:58.570Z] Time:          Thu Jun 18 2026 18:45:58 GMT+0800 (Philippine Standard Time)
[debug] [2026-06-18T10:45:58.570Z] ----------------------------------------------------------------------
[debug] 
[debug] [2026-06-18T10:45:58.697Z] > command requires scopes: ["email","openid","https://www.googleapis.com/auth/cloudplatformprojects.readonly","https://www.googleapis.com/auth/firebase","https://www.googleapis.com/auth/cloud-platform"]
[debug] [2026-06-18T10:45:58.697Z] > authorizing via signed-in user (rejesth.main@gmail.com)
[debug] [2026-06-18T10:45:58.699Z] Checked if tokens are valid: true, expires at: 1781783086050
[debug] [2026-06-18T10:45:58.699Z] Checked if tokens are valid: true, expires at: 1781783086050
[debug] [2026-06-18T10:45:58.700Z] >>> [apiv2][query] GET https://firebase.googleapis.com/v1beta1/projects pageSize=1000
[debug] [2026-06-18T10:45:58.568Z] ----------------------------------------------------------------------
[debug] [2026-06-18T10:45:58.570Z] Command:       /usr/local/bin/node /usr/local/bin/firebase login:list
[debug] [2026-06-18T10:45:58.570Z] CLI Version:   13.34.0
[debug] [2026-06-18T10:45:58.570Z] Platform:      darwin
[debug] [2026-06-18T10:45:58.570Z] Node Version:  v22.14.0
[debug] [2026-06-18T10:45:58.570Z] Time:          Thu Jun 18 2026 18:45:58 GMT+0800 (Philippine Standard Time)
[debug] [2026-06-18T10:45:58.570Z] ----------------------------------------------------------------------
[debug] 
[info] Logged in as rejesth.main@gmail.com
[debug] [2026-06-18T10:45:59.447Z] <<< [apiv2][status] GET https://firebase.googleapis.com/v1beta1/projects 200
[debug] [2026-06-18T10:45:59.448Z] <<< [apiv2][body] GET https://firebase.googleapis.com/v1beta1/projects [omitted]
[info] ┌──────────────────────┬────────────────────┬────────────────┬──────────────────────┐
│ Project Display Name │ Project ID         │ Project Number │ Resource Location ID │
├──────────────────────┼────────────────────┼────────────────┼──────────────────────┤
│ Articulacy           │ articulacy-aa947   │ 543257951219   │ us-east1             │
├──────────────────────┼────────────────────┼────────────────┼──────────────────────┤
│ Articulacy Dev       │ articulacy-dev     │ 7709493707     │ asia-southeast2      │
├──────────────────────┼────────────────────┼────────────────┼──────────────────────┤
│ Articulacy Staging   │ articulacy-staging │ 362674012572   │ us-east1             │
├──────────────────────┼────────────────────┼────────────────┼──────────────────────┤
│ Benner               │ benner-1d916       │ 449026567916   │ [Not specified]      │
├──────────────────────┼────────────────────┼────────────────┼──────────────────────┤
│ Deafy                │ deafy-91d8e        │ 289696847311   │ [Not specified]      │
├──────────────────────┼────────────────────┼────────────────┼──────────────────────┤
│ furminder            │ furminder-fa874    │ 1032790377801  │ [Not specified]      │
├──────────────────────┼────────────────────┼────────────────┼──────────────────────┤
│ ukcolocators         │ gcci-app-359008    │ 155376762541   │ us-central           │
├──────────────────────┼────────────────────┼────────────────┼──────────────────────┤
│ Hunts Staging        │ hunts-staging      │ 88580338919    │ [Not specified]      │
├──────────────────────┼────────────────────┼────────────────┼──────────────────────┤
│ Milkdromeda          │ milkdromeda-4baae  │ 642241974173   │ asia-east2           │
├──────────────────────┼────────────────────┼────────────────┼──────────────────────┤
│ Scraper              │ scraper-bb246      │ 2859727237     │ [Not specified]      │
├──────────────────────┼────────────────────┼────────────────┼──────────────────────┤
│ Travelpud            │ travelpud-7fb55    │ 695133849446   │ asia-southeast2      │
├──────────────────────┼────────────────────┼────────────────┼──────────────────────┤
│ ur backup            │ ur-backup          │ 691121432215   │ us-central           │
├──────────────────────┼────────────────────┼────────────────┼──────────────────────┤
│ Verzio App           │ verzio-app         │ 102987849812   │ [Not specified]      │
└──────────────────────┴────────────────────┴────────────────┴──────────────────────┘
[info] 
[info] 13 project(s) total.
[debug] [2026-06-18T10:48:46.889Z] ----------------------------------------------------------------------
[debug] [2026-06-18T10:48:46.890Z] Command:       /usr/local/bin/node /usr/local/bin/firebase login:list
[debug] [2026-06-18T10:48:46.891Z] CLI Version:   13.34.0
[debug] [2026-06-18T10:48:46.891Z] Platform:      darwin
[debug] [2026-06-18T10:48:46.891Z] Node Version:  v22.14.0
[debug] [2026-06-18T10:48:46.891Z] Time:          Thu Jun 18 2026 18:48:46 GMT+0800 (Philippine Standard Time)
[debug] [2026-06-18T10:48:46.891Z] ----------------------------------------------------------------------
[debug] 
[info] Logged in as rejesth.main@gmail.com
[debug] [2026-06-18T10:48:46.889Z] ----------------------------------------------------------------------
[debug] [2026-06-18T10:48:46.890Z] Command:       /usr/local/bin/node /usr/local/bin/firebase projects:list --json
[debug] [2026-06-18T10:48:46.891Z] CLI Version:   13.34.0
[debug] [2026-06-18T10:48:46.891Z] Platform:      darwin
[debug] [2026-06-18T10:48:46.891Z] Node Version:  v22.14.0
[debug] [2026-06-18T10:48:46.891Z] Time:          Thu Jun 18 2026 18:48:46 GMT+0800 (Philippine Standard Time)
[debug] [2026-06-18T10:48:46.891Z] ----------------------------------------------------------------------
[debug] 
[debug] [2026-06-18T10:48:47.037Z] > command requires scopes: ["email","openid","https://www.googleapis.com/auth/cloudplatformprojects.readonly","https://www.googleapis.com/auth/firebase","https://www.googleapis.com/auth/cloud-platform"]
[debug] [2026-06-18T10:48:47.038Z] > authorizing via signed-in user (rejesth.main@gmail.com)
[debug] [2026-06-18T10:48:47.040Z] Checked if tokens are valid: true, expires at: 1781783086050
[debug] [2026-06-18T10:48:47.040Z] Checked if tokens are valid: true, expires at: 1781783086050
[debug] [2026-06-18T10:48:47.041Z] >>> [apiv2][query] GET https://firebase.googleapis.com/v1beta1/projects pageSize=1000
[debug] [2026-06-18T10:48:47.791Z] <<< [apiv2][status] GET https://firebase.googleapis.com/v1beta1/projects 200
[debug] [2026-06-18T10:48:47.792Z] <<< [apiv2][body] GET https://firebase.googleapis.com/v1beta1/projects [omitted]
[info] ┌──────────────────────┬────────────────────┬────────────────┬──────────────────────┐
│ Project Display Name │ Project ID         │ Project Number │ Resource Location ID │
├──────────────────────┼────────────────────┼────────────────┼──────────────────────┤
│ Articulacy           │ articulacy-aa947   │ 543257951219   │ us-east1             │
├──────────────────────┼────────────────────┼────────────────┼──────────────────────┤
│ Articulacy Dev       │ articulacy-dev     │ 7709493707     │ asia-southeast2      │
├──────────────────────┼────────────────────┼────────────────┼──────────────────────┤
│ Articulacy Staging   │ articulacy-staging │ 362674012572   │ us-east1             │
├──────────────────────┼────────────────────┼────────────────┼──────────────────────┤
│ Benner               │ benner-1d916       │ 449026567916   │ [Not specified]      │
├──────────────────────┼────────────────────┼────────────────┼──────────────────────┤
│ Deafy                │ deafy-91d8e        │ 289696847311   │ [Not specified]      │
├──────────────────────┼────────────────────┼────────────────┼──────────────────────┤
│ furminder            │ furminder-fa874    │ 1032790377801  │ [Not specified]      │
├──────────────────────┼────────────────────┼────────────────┼──────────────────────┤
│ ukcolocators         │ gcci-app-359008    │ 155376762541   │ us-central           │
├──────────────────────┼────────────────────┼────────────────┼──────────────────────┤
│ Hunts Staging        │ hunts-staging      │ 88580338919    │ [Not specified]      │
├──────────────────────┼────────────────────┼────────────────┼──────────────────────┤
│ Milkdromeda          │ milkdromeda-4baae  │ 642241974173   │ asia-east2           │
├──────────────────────┼────────────────────┼────────────────┼──────────────────────┤
│ Scraper              │ scraper-bb246      │ 2859727237     │ [Not specified]      │
├──────────────────────┼────────────────────┼────────────────┼──────────────────────┤
│ Travelpud            │ travelpud-7fb55    │ 695133849446   │ asia-southeast2      │
├──────────────────────┼────────────────────┼────────────────┼──────────────────────┤
│ ur backup            │ ur-backup          │ 691121432215   │ us-central           │
├──────────────────────┼────────────────────┼────────────────┼──────────────────────┤
│ Verzio App           │ verzio-app         │ 102987849812   │ [Not specified]      │
└──────────────────────┴────────────────────┴────────────────┴──────────────────────┘
[info] 
[info] 13 project(s) total.
[debug] [2026-06-18T10:48:59.253Z] ----------------------------------------------------------------------
[debug] [2026-06-18T10:48:59.254Z] Command:       /usr/local/bin/node /usr/local/bin/firebase deploy --only firestore:rules,storage --project javacrafts-6d675
[debug] [2026-06-18T10:48:59.255Z] CLI Version:   13.34.0
[debug] [2026-06-18T10:48:59.255Z] Platform:      darwin
[debug] [2026-06-18T10:48:59.255Z] Node Version:  v22.14.0
[debug] [2026-06-18T10:48:59.255Z] Time:          Thu Jun 18 2026 18:48:59 GMT+0800 (Philippine Standard Time)
[debug] [2026-06-18T10:48:59.255Z] ----------------------------------------------------------------------
[debug] 
[debug] [2026-06-18T10:48:59.359Z] > command requires scopes: ["email","openid","https://www.googleapis.com/auth/cloudplatformprojects.readonly","https://www.googleapis.com/auth/firebase","https://www.googleapis.com/auth/cloud-platform"]
[debug] [2026-06-18T10:48:59.359Z] > authorizing via signed-in user (rejesth.main@gmail.com)
[debug] [2026-06-18T10:48:59.360Z] [iam] checking project javacrafts-6d675 for permissions ["datastore.indexes.create","datastore.indexes.delete","datastore.indexes.list","datastore.indexes.update","firebase.projects.get","firebaserules.releases.create","firebaserules.releases.update","firebaserules.rulesets.create"]
[debug] [2026-06-18T10:48:59.360Z] Checked if tokens are valid: true, expires at: 1781783086050
[debug] [2026-06-18T10:48:59.360Z] Checked if tokens are valid: true, expires at: 1781783086050
[debug] [2026-06-18T10:48:59.361Z] >>> [apiv2][query] POST https://cloudresourcemanager.googleapis.com/v1/projects/javacrafts-6d675:testIamPermissions [none]
[debug] [2026-06-18T10:48:59.361Z] >>> [apiv2][(partial)header] POST https://cloudresourcemanager.googleapis.com/v1/projects/javacrafts-6d675:testIamPermissions x-goog-quota-user=projects/javacrafts-6d675
[debug] [2026-06-18T10:48:59.361Z] >>> [apiv2][body] POST https://cloudresourcemanager.googleapis.com/v1/projects/javacrafts-6d675:testIamPermissions {"permissions":["datastore.indexes.create","datastore.indexes.delete","datastore.indexes.list","datastore.indexes.update","firebase.projects.get","firebaserules.releases.create","firebaserules.releases.update","firebaserules.rulesets.create"]}
[debug] [2026-06-18T10:49:00.665Z] <<< [apiv2][status] POST https://cloudresourcemanager.googleapis.com/v1/projects/javacrafts-6d675:testIamPermissions 200
[debug] [2026-06-18T10:49:00.666Z] <<< [apiv2][body] POST https://cloudresourcemanager.googleapis.com/v1/projects/javacrafts-6d675:testIamPermissions {"permissions":["datastore.indexes.create","datastore.indexes.delete","datastore.indexes.list","datastore.indexes.update","firebase.projects.get","firebaserules.releases.create","firebaserules.releases.update","firebaserules.rulesets.create"]}
[info] 
[info] === Deploying to 'javacrafts-6d675'...
[info] 
[info] i  deploying storage, firestore 
[info] i  storage: ensuring required API firebasestorage.googleapis.com is enabled... 
[debug] [2026-06-18T10:49:00.670Z] Checked if tokens are valid: true, expires at: 1781783086050
[debug] [2026-06-18T10:49:00.670Z] Checked if tokens are valid: true, expires at: 1781783086050
[debug] [2026-06-18T10:49:00.671Z] >>> [apiv2][query] GET https://serviceusage.googleapis.com/v1/projects/javacrafts-6d675/services/firebasestorage.googleapis.com [none]
[debug] [2026-06-18T10:49:00.671Z] >>> [apiv2][(partial)header] GET https://serviceusage.googleapis.com/v1/projects/javacrafts-6d675/services/firebasestorage.googleapis.com x-goog-quota-user=projects/javacrafts-6d675
[debug] [2026-06-18T10:49:02.226Z] <<< [apiv2][status] GET https://serviceusage.googleapis.com/v1/projects/javacrafts-6d675/services/firebasestorage.googleapis.com 200
[debug] [2026-06-18T10:49:02.226Z] <<< [apiv2][body] GET https://serviceusage.googleapis.com/v1/projects/javacrafts-6d675/services/firebasestorage.googleapis.com [omitted]
[warn] ⚠  storage: missing required API firebasestorage.googleapis.com. Enabling now... 
[debug] [2026-06-18T10:49:02.227Z] Checked if tokens are valid: true, expires at: 1781783086050
[debug] [2026-06-18T10:49:02.227Z] Checked if tokens are valid: true, expires at: 1781783086050
[debug] [2026-06-18T10:49:02.228Z] >>> [apiv2][query] POST https://serviceusage.googleapis.com/v1/projects/javacrafts-6d675/services/firebasestorage.googleapis.com:enable [none]
[debug] [2026-06-18T10:49:02.228Z] >>> [apiv2][(partial)header] POST https://serviceusage.googleapis.com/v1/projects/javacrafts-6d675/services/firebasestorage.googleapis.com:enable x-goog-quota-user=projects/javacrafts-6d675
[debug] [2026-06-18T10:49:02.753Z] <<< [apiv2][status] POST https://serviceusage.googleapis.com/v1/projects/javacrafts-6d675/services/firebasestorage.googleapis.com:enable 200
[debug] [2026-06-18T10:49:02.753Z] <<< [apiv2][body] POST https://serviceusage.googleapis.com/v1/projects/javacrafts-6d675/services/firebasestorage.googleapis.com:enable [omitted]
[debug] [2026-06-18T10:49:12.756Z] Checked if tokens are valid: true, expires at: 1781783086050
[debug] [2026-06-18T10:49:12.756Z] Checked if tokens are valid: true, expires at: 1781783086050
[debug] [2026-06-18T10:49:12.756Z] >>> [apiv2][query] GET https://serviceusage.googleapis.com/v1/projects/javacrafts-6d675/services/firebasestorage.googleapis.com [none]
[debug] [2026-06-18T10:49:12.756Z] >>> [apiv2][(partial)header] GET https://serviceusage.googleapis.com/v1/projects/javacrafts-6d675/services/firebasestorage.googleapis.com x-goog-quota-user=projects/javacrafts-6d675
[debug] [2026-06-18T10:49:14.284Z] <<< [apiv2][status] GET https://serviceusage.googleapis.com/v1/projects/javacrafts-6d675/services/firebasestorage.googleapis.com 200
[debug] [2026-06-18T10:49:14.284Z] <<< [apiv2][body] GET https://serviceusage.googleapis.com/v1/projects/javacrafts-6d675/services/firebasestorage.googleapis.com [omitted]
[info] ✔  storage: required API firebasestorage.googleapis.com is enabled 
[debug] [2026-06-18T10:49:14.287Z] Checked if tokens are valid: true, expires at: 1781783086050
[debug] [2026-06-18T10:49:14.288Z] Checked if tokens are valid: true, expires at: 1781783086050
[debug] [2026-06-18T10:49:14.288Z] >>> [apiv2][query] GET https://firebasestorage.googleapis.com/v1alpha/projects/javacrafts-6d675/defaultBucket [none]
[debug] [2026-06-18T10:49:16.907Z] <<< [apiv2][status] GET https://firebasestorage.googleapis.com/v1alpha/projects/javacrafts-6d675/defaultBucket 403
[debug] [2026-06-18T10:49:16.908Z] <<< [apiv2][body] GET https://firebasestorage.googleapis.com/v1alpha/projects/javacrafts-6d675/defaultBucket {"error":{"code":403,"message":"Permission 'firebasestorage.defaultBucket.get' denied on resource '//firebasestorage.googleapis.com/projects/javacrafts-6d675/defaultBucket' (or it may not exist).","status":"PERMISSION_DENIED","details":[{"@type":"type.googleapis.com/google.rpc.ErrorInfo","reason":"IAM_PERMISSION_DENIED","domain":"firebasestorage.googleapis.com","metadata":{"resource":"projects/javacrafts-6d675/defaultBucket","permission":"firebasestorage.defaultBucket.get"}}]}}
[info] 

Unexpected error when fetching default storage bucket.
[error] 
[error] Error: Request to https://firebasestorage.googleapis.com/v1alpha/projects/javacrafts-6d675/defaultBucket had HTTP Error: 403, Permission 'firebasestorage.defaultBucket.get' denied on resource '//firebasestorage.googleapis.com/projects/javacrafts-6d675/defaultBucket' (or it may not exist).
[debug] [2026-06-18T10:49:16.974Z] Error Context: {
  "body": {
    "error": {
      "code": 403,
      "message": "Permission 'firebasestorage.defaultBucket.get' denied on resource '//firebasestorage.googleapis.com/projects/javacrafts-6d675/defaultBucket' (or it may not exist).",
      "status": "PERMISSION_DENIED",
      "details": [
        {
          "@type": "type.googleapis.com/google.rpc.ErrorInfo",
          "reason": "IAM_PERMISSION_DENIED",
          "domain": "firebasestorage.googleapis.com",
          "metadata": {
            "resource": "projects/javacrafts-6d675/defaultBucket",
            "permission": "firebasestorage.defaultBucket.get"
          }
        }
      ]
    }
  },
  "response": {
    "statusCode": 403
  }
}
[debug] [2026-06-18T10:49:30.257Z] ----------------------------------------------------------------------
[debug] [2026-06-18T10:49:30.259Z] Command:       /usr/local/bin/node /usr/local/bin/firebase deploy --only firestore:rules --project javacrafts-6d675
[debug] [2026-06-18T10:49:30.259Z] CLI Version:   13.34.0
[debug] [2026-06-18T10:49:30.259Z] Platform:      darwin
[debug] [2026-06-18T10:49:30.259Z] Node Version:  v22.14.0
[debug] [2026-06-18T10:49:30.259Z] Time:          Thu Jun 18 2026 18:49:30 GMT+0800 (Philippine Standard Time)
[debug] [2026-06-18T10:49:30.259Z] ----------------------------------------------------------------------
[debug] 
[debug] [2026-06-18T10:49:30.363Z] > command requires scopes: ["email","openid","https://www.googleapis.com/auth/cloudplatformprojects.readonly","https://www.googleapis.com/auth/firebase","https://www.googleapis.com/auth/cloud-platform"]
[debug] [2026-06-18T10:49:30.364Z] > authorizing via signed-in user (rejesth.main@gmail.com)
[debug] [2026-06-18T10:49:30.364Z] [iam] checking project javacrafts-6d675 for permissions ["datastore.indexes.create","datastore.indexes.delete","datastore.indexes.list","datastore.indexes.update","firebase.projects.get"]
[debug] [2026-06-18T10:49:30.365Z] Checked if tokens are valid: true, expires at: 1781783086050
[debug] [2026-06-18T10:49:30.365Z] Checked if tokens are valid: true, expires at: 1781783086050
[debug] [2026-06-18T10:49:30.366Z] >>> [apiv2][query] POST https://cloudresourcemanager.googleapis.com/v1/projects/javacrafts-6d675:testIamPermissions [none]
[debug] [2026-06-18T10:49:30.366Z] >>> [apiv2][(partial)header] POST https://cloudresourcemanager.googleapis.com/v1/projects/javacrafts-6d675:testIamPermissions x-goog-quota-user=projects/javacrafts-6d675
[debug] [2026-06-18T10:49:30.366Z] >>> [apiv2][body] POST https://cloudresourcemanager.googleapis.com/v1/projects/javacrafts-6d675:testIamPermissions {"permissions":["datastore.indexes.create","datastore.indexes.delete","datastore.indexes.list","datastore.indexes.update","firebase.projects.get"]}
[debug] [2026-06-18T10:49:31.595Z] <<< [apiv2][status] POST https://cloudresourcemanager.googleapis.com/v1/projects/javacrafts-6d675:testIamPermissions 200
[debug] [2026-06-18T10:49:31.595Z] <<< [apiv2][body] POST https://cloudresourcemanager.googleapis.com/v1/projects/javacrafts-6d675:testIamPermissions {"permissions":["datastore.indexes.create","datastore.indexes.delete","datastore.indexes.list","datastore.indexes.update","firebase.projects.get"]}
[info] 
[info] === Deploying to 'javacrafts-6d675'...
[info] 
[info] i  deploying firestore 
[info] i  cloud.firestore: checking firestore.rules for compilation errors... 
[debug] [2026-06-18T10:49:31.600Z] Checked if tokens are valid: true, expires at: 1781783086050
[debug] [2026-06-18T10:49:31.600Z] Checked if tokens are valid: true, expires at: 1781783086050
[debug] [2026-06-18T10:49:31.600Z] >>> [apiv2][query] POST https://firebaserules.googleapis.com/v1/projects/javacrafts-6d675:test [none]
[debug] [2026-06-18T10:49:31.600Z] >>> [apiv2][body] POST https://firebaserules.googleapis.com/v1/projects/javacrafts-6d675:test [omitted]
[debug] [2026-06-18T10:49:32.892Z] <<< [apiv2][status] POST https://firebaserules.googleapis.com/v1/projects/javacrafts-6d675:test 200
[debug] [2026-06-18T10:49:32.892Z] <<< [apiv2][body] POST https://firebaserules.googleapis.com/v1/projects/javacrafts-6d675:test {}
[info] ✔  cloud.firestore: rules file firestore.rules compiled successfully 
[debug] [2026-06-18T10:49:32.895Z] Checked if tokens are valid: true, expires at: 1781783086050
[debug] [2026-06-18T10:49:32.895Z] Checked if tokens are valid: true, expires at: 1781783086050
[debug] [2026-06-18T10:49:32.896Z] >>> [apiv2][query] GET https://firebaserules.googleapis.com/v1/projects/javacrafts-6d675/releases pageSize=10&pageToken=
[debug] [2026-06-18T10:49:33.201Z] <<< [apiv2][status] GET https://firebaserules.googleapis.com/v1/projects/javacrafts-6d675/releases 200
[debug] [2026-06-18T10:49:33.201Z] <<< [apiv2][body] GET https://firebaserules.googleapis.com/v1/projects/javacrafts-6d675/releases {}
[info] i  firestore: uploading rules firestore.rules... 
[debug] [2026-06-18T10:49:33.202Z] Checked if tokens are valid: true, expires at: 1781783086050
[debug] [2026-06-18T10:49:33.202Z] Checked if tokens are valid: true, expires at: 1781783086050
[debug] [2026-06-18T10:49:33.202Z] >>> [apiv2][query] POST https://firebaserules.googleapis.com/v1/projects/javacrafts-6d675/rulesets [none]
[debug] [2026-06-18T10:49:33.202Z] >>> [apiv2][body] POST https://firebaserules.googleapis.com/v1/projects/javacrafts-6d675/rulesets [omitted]
[debug] [2026-06-18T10:49:34.429Z] <<< [apiv2][status] POST https://firebaserules.googleapis.com/v1/projects/javacrafts-6d675/rulesets 200
[debug] [2026-06-18T10:49:34.429Z] <<< [apiv2][body] POST https://firebaserules.googleapis.com/v1/projects/javacrafts-6d675/rulesets {"name":"projects/javacrafts-6d675/rulesets/2fb47e18-4a62-4e26-b23b-ee06c73de8b7","source":{"files":[{"content":"rules_version = '2';\n\nservice cloud.firestore {\n  match /databases/{database}/documents {\n    match /{document=**} {\n      allow read, write: if false;\n    }\n  }\n}\n","name":"firestore.rules"}]},"createTime":"2026-06-18T10:49:34.322687Z","metadata":{"services":["cloud.firestore"]}}
[debug] [2026-06-18T10:49:34.429Z] [rules] created ruleset projects/javacrafts-6d675/rulesets/2fb47e18-4a62-4e26-b23b-ee06c73de8b7
[debug] [2026-06-18T10:49:34.430Z] [rules] releasing cloud.firestore/(default) with ruleset projects/javacrafts-6d675/rulesets/2fb47e18-4a62-4e26-b23b-ee06c73de8b7
[debug] [2026-06-18T10:49:34.430Z] Checked if tokens are valid: true, expires at: 1781783086050
[debug] [2026-06-18T10:49:34.431Z] Checked if tokens are valid: true, expires at: 1781783086050
[debug] [2026-06-18T10:49:34.432Z] >>> [apiv2][query] PATCH https://firebaserules.googleapis.com/v1/projects/javacrafts-6d675/releases/cloud.firestore/(default) [none]
[debug] [2026-06-18T10:49:34.432Z] >>> [apiv2][body] PATCH https://firebaserules.googleapis.com/v1/projects/javacrafts-6d675/releases/cloud.firestore/(default) {"release":{"name":"projects/javacrafts-6d675/releases/cloud.firestore/(default)","rulesetName":"projects/javacrafts-6d675/rulesets/2fb47e18-4a62-4e26-b23b-ee06c73de8b7"}}
[debug] [2026-06-18T10:49:35.520Z] <<< [apiv2][status] PATCH https://firebaserules.googleapis.com/v1/projects/javacrafts-6d675/releases/cloud.firestore/(default) 404
[debug] [2026-06-18T10:49:35.520Z] <<< [apiv2][body] PATCH https://firebaserules.googleapis.com/v1/projects/javacrafts-6d675/releases/cloud.firestore/(default) {"error":{"code":404,"message":"Requested entity was not found.","status":"NOT_FOUND"}}
[debug] [2026-06-18T10:49:35.521Z] [rules] ruleset update failed, attempting to create instead
[debug] [2026-06-18T10:49:35.521Z] Checked if tokens are valid: true, expires at: 1781783086050
[debug] [2026-06-18T10:49:35.521Z] Checked if tokens are valid: true, expires at: 1781783086050
[debug] [2026-06-18T10:49:35.521Z] >>> [apiv2][query] POST https://firebaserules.googleapis.com/v1/projects/javacrafts-6d675/releases [none]
[debug] [2026-06-18T10:49:35.521Z] >>> [apiv2][body] POST https://firebaserules.googleapis.com/v1/projects/javacrafts-6d675/releases {"name":"projects/javacrafts-6d675/releases/cloud.firestore/(default)","rulesetName":"projects/javacrafts-6d675/rulesets/2fb47e18-4a62-4e26-b23b-ee06c73de8b7"}
[debug] [2026-06-18T10:49:36.711Z] <<< [apiv2][status] POST https://firebaserules.googleapis.com/v1/projects/javacrafts-6d675/releases 200
[debug] [2026-06-18T10:49:36.711Z] <<< [apiv2][body] POST https://firebaserules.googleapis.com/v1/projects/javacrafts-6d675/releases {"name":"projects/javacrafts-6d675/releases/cloud.firestore","rulesetName":"projects/javacrafts-6d675/rulesets/2fb47e18-4a62-4e26-b23b-ee06c73de8b7","createTime":"2026-06-18T10:49:36.616117Z","updateTime":"2026-06-18T10:49:36.616117Z"}
[debug] [2026-06-18T10:49:36.712Z] [rules] created release projects/javacrafts-6d675/releases/cloud.firestore
[info] ✔  firestore: released rules firestore.rules to cloud.firestore 
[info] 
[info] ✔  Deploy complete! 
[info] 
[info] Project Console: https://console.firebase.google.com/project/javacrafts-6d675/overview
[debug] [2026-06-18T10:50:07.138Z] ----------------------------------------------------------------------
[debug] [2026-06-18T10:50:07.140Z] Command:       /usr/local/bin/node /usr/local/bin/firebase deploy --only storage --project javacrafts-6d675
[debug] [2026-06-18T10:50:07.140Z] CLI Version:   13.34.0
[debug] [2026-06-18T10:50:07.140Z] Platform:      darwin
[debug] [2026-06-18T10:50:07.140Z] Node Version:  v22.14.0
[debug] [2026-06-18T10:50:07.140Z] Time:          Thu Jun 18 2026 18:50:07 GMT+0800 (Philippine Standard Time)
[debug] [2026-06-18T10:50:07.140Z] ----------------------------------------------------------------------
[debug] 
[debug] [2026-06-18T10:50:07.243Z] > command requires scopes: ["email","openid","https://www.googleapis.com/auth/cloudplatformprojects.readonly","https://www.googleapis.com/auth/firebase","https://www.googleapis.com/auth/cloud-platform"]
[debug] [2026-06-18T10:50:07.244Z] > authorizing via signed-in user (rejesth.main@gmail.com)
[debug] [2026-06-18T10:50:07.244Z] [iam] checking project javacrafts-6d675 for permissions ["firebase.projects.get","firebaserules.releases.create","firebaserules.releases.update","firebaserules.rulesets.create"]
[debug] [2026-06-18T10:50:07.245Z] Checked if tokens are valid: true, expires at: 1781783086050
[debug] [2026-06-18T10:50:07.245Z] Checked if tokens are valid: true, expires at: 1781783086050
[debug] [2026-06-18T10:50:07.245Z] >>> [apiv2][query] POST https://cloudresourcemanager.googleapis.com/v1/projects/javacrafts-6d675:testIamPermissions [none]
[debug] [2026-06-18T10:50:07.246Z] >>> [apiv2][(partial)header] POST https://cloudresourcemanager.googleapis.com/v1/projects/javacrafts-6d675:testIamPermissions x-goog-quota-user=projects/javacrafts-6d675
[debug] [2026-06-18T10:50:07.246Z] >>> [apiv2][body] POST https://cloudresourcemanager.googleapis.com/v1/projects/javacrafts-6d675:testIamPermissions {"permissions":["firebase.projects.get","firebaserules.releases.create","firebaserules.releases.update","firebaserules.rulesets.create"]}
[debug] [2026-06-18T10:50:08.294Z] <<< [apiv2][status] POST https://cloudresourcemanager.googleapis.com/v1/projects/javacrafts-6d675:testIamPermissions 200
[debug] [2026-06-18T10:50:08.295Z] <<< [apiv2][body] POST https://cloudresourcemanager.googleapis.com/v1/projects/javacrafts-6d675:testIamPermissions {"permissions":["firebase.projects.get","firebaserules.releases.create","firebaserules.releases.update","firebaserules.rulesets.create"]}
[info] 
[info] === Deploying to 'javacrafts-6d675'...
[info] 
[info] i  deploying storage 
[info] i  firebase.storage: checking storage.rules for compilation errors... 
[debug] [2026-06-18T10:50:08.300Z] Checked if tokens are valid: true, expires at: 1781783086050
[debug] [2026-06-18T10:50:08.300Z] Checked if tokens are valid: true, expires at: 1781783086050
[debug] [2026-06-18T10:50:08.300Z] >>> [apiv2][query] POST https://firebaserules.googleapis.com/v1/projects/javacrafts-6d675:test [none]
[debug] [2026-06-18T10:50:08.300Z] >>> [apiv2][body] POST https://firebaserules.googleapis.com/v1/projects/javacrafts-6d675:test [omitted]
[debug] [2026-06-18T10:50:09.856Z] <<< [apiv2][status] POST https://firebaserules.googleapis.com/v1/projects/javacrafts-6d675:test 200
[debug] [2026-06-18T10:50:09.856Z] <<< [apiv2][body] POST https://firebaserules.googleapis.com/v1/projects/javacrafts-6d675:test {}
[info] ✔  firebase.storage: rules file storage.rules compiled successfully 
[debug] [2026-06-18T10:50:09.856Z] Checked if tokens are valid: true, expires at: 1781783086050
[debug] [2026-06-18T10:50:09.857Z] Checked if tokens are valid: true, expires at: 1781783086050
[debug] [2026-06-18T10:50:09.857Z] >>> [apiv2][query] GET https://firebaserules.googleapis.com/v1/projects/javacrafts-6d675/releases pageSize=10&pageToken=
[debug] [2026-06-18T10:50:10.965Z] <<< [apiv2][status] GET https://firebaserules.googleapis.com/v1/projects/javacrafts-6d675/releases 200
[debug] [2026-06-18T10:50:10.965Z] <<< [apiv2][body] GET https://firebaserules.googleapis.com/v1/projects/javacrafts-6d675/releases {"releases":[{"name":"projects/javacrafts-6d675/releases/cloud.firestore","rulesetName":"projects/javacrafts-6d675/rulesets/2fb47e18-4a62-4e26-b23b-ee06c73de8b7","createTime":"2026-06-18T10:49:36.616117Z","updateTime":"2026-06-18T10:49:36.616117Z"}]}
[info] i  storage: uploading rules storage.rules... 
[debug] [2026-06-18T10:50:10.966Z] Checked if tokens are valid: true, expires at: 1781783086050
[debug] [2026-06-18T10:50:10.967Z] Checked if tokens are valid: true, expires at: 1781783086050
[debug] [2026-06-18T10:50:10.968Z] >>> [apiv2][query] POST https://firebaserules.googleapis.com/v1/projects/javacrafts-6d675/rulesets [none]
[debug] [2026-06-18T10:50:10.968Z] >>> [apiv2][body] POST https://firebaserules.googleapis.com/v1/projects/javacrafts-6d675/rulesets [omitted]
[debug] [2026-06-18T10:50:12.158Z] <<< [apiv2][status] POST https://firebaserules.googleapis.com/v1/projects/javacrafts-6d675/rulesets 200
[debug] [2026-06-18T10:50:12.158Z] <<< [apiv2][body] POST https://firebaserules.googleapis.com/v1/projects/javacrafts-6d675/rulesets {"name":"projects/javacrafts-6d675/rulesets/c03dfa77-2253-4b80-ab85-1fba102d6943","source":{"files":[{"content":"rules_version = '2';\n\nservice firebase.storage {\n  match /b/{bucket}/o {\n    match /{path=**} {\n      allow read, write: if false;\n    }\n  }\n}\n","name":"storage.rules"}]},"createTime":"2026-06-18T10:50:12.054943Z","metadata":{"services":["firebase.storage"]}}
[debug] [2026-06-18T10:50:12.158Z] [rules] created ruleset projects/javacrafts-6d675/rulesets/c03dfa77-2253-4b80-ab85-1fba102d6943
[debug] [2026-06-18T10:50:12.159Z] [rules] releasing firebase.storage/javacrafts-6d675.firebasestorage.app with ruleset projects/javacrafts-6d675/rulesets/c03dfa77-2253-4b80-ab85-1fba102d6943
[debug] [2026-06-18T10:50:12.159Z] Checked if tokens are valid: true, expires at: 1781783086050
[debug] [2026-06-18T10:50:12.159Z] Checked if tokens are valid: true, expires at: 1781783086050
[debug] [2026-06-18T10:50:12.159Z] >>> [apiv2][query] PATCH https://firebaserules.googleapis.com/v1/projects/javacrafts-6d675/releases/firebase.storage/javacrafts-6d675.firebasestorage.app [none]
[debug] [2026-06-18T10:50:12.159Z] >>> [apiv2][body] PATCH https://firebaserules.googleapis.com/v1/projects/javacrafts-6d675/releases/firebase.storage/javacrafts-6d675.firebasestorage.app {"release":{"name":"projects/javacrafts-6d675/releases/firebase.storage/javacrafts-6d675.firebasestorage.app","rulesetName":"projects/javacrafts-6d675/rulesets/c03dfa77-2253-4b80-ab85-1fba102d6943"}}
[debug] [2026-06-18T10:50:13.243Z] <<< [apiv2][status] PATCH https://firebaserules.googleapis.com/v1/projects/javacrafts-6d675/releases/firebase.storage/javacrafts-6d675.firebasestorage.app 404
[debug] [2026-06-18T10:50:13.243Z] <<< [apiv2][body] PATCH https://firebaserules.googleapis.com/v1/projects/javacrafts-6d675/releases/firebase.storage/javacrafts-6d675.firebasestorage.app {"error":{"code":404,"message":"Requested entity was not found.","status":"NOT_FOUND"}}
[debug] [2026-06-18T10:50:13.243Z] [rules] ruleset update failed, attempting to create instead
[debug] [2026-06-18T10:50:13.244Z] Checked if tokens are valid: true, expires at: 1781783086050
[debug] [2026-06-18T10:50:13.244Z] Checked if tokens are valid: true, expires at: 1781783086050
[debug] [2026-06-18T10:50:13.244Z] >>> [apiv2][query] POST https://firebaserules.googleapis.com/v1/projects/javacrafts-6d675/releases [none]
[debug] [2026-06-18T10:50:13.244Z] >>> [apiv2][body] POST https://firebaserules.googleapis.com/v1/projects/javacrafts-6d675/releases {"name":"projects/javacrafts-6d675/releases/firebase.storage/javacrafts-6d675.firebasestorage.app","rulesetName":"projects/javacrafts-6d675/rulesets/c03dfa77-2253-4b80-ab85-1fba102d6943"}
[debug] [2026-06-18T10:50:14.445Z] <<< [apiv2][status] POST https://firebaserules.googleapis.com/v1/projects/javacrafts-6d675/releases 200
[debug] [2026-06-18T10:50:14.445Z] <<< [apiv2][body] POST https://firebaserules.googleapis.com/v1/projects/javacrafts-6d675/releases {"name":"projects/javacrafts-6d675/releases/firebase.storage/javacrafts-6d675.firebasestorage.app","rulesetName":"projects/javacrafts-6d675/rulesets/c03dfa77-2253-4b80-ab85-1fba102d6943","createTime":"2026-06-18T10:50:14.355249Z","updateTime":"2026-06-18T10:50:14.355249Z"}
[debug] [2026-06-18T10:50:14.445Z] [rules] created release projects/javacrafts-6d675/releases/firebase.storage/javacrafts-6d675.firebasestorage.app
[info] ✔  storage: released rules storage.rules to firebase.storage 
[info] 
[info] ✔  Deploy complete! 
[info] 
[info] Project Console: https://console.firebase.google.com/project/javacrafts-6d675/overview
[debug] [2026-06-18T11:36:48.957Z] ----------------------------------------------------------------------
[debug] [2026-06-18T11:36:48.959Z] Command:       /usr/local/bin/node /usr/local/bin/firebase deploy --only firestore:rules --project javacrafts-6d675
[debug] [2026-06-18T11:36:48.959Z] CLI Version:   13.34.0
[debug] [2026-06-18T11:36:48.959Z] Platform:      darwin
[debug] [2026-06-18T11:36:48.959Z] Node Version:  v22.14.0
[debug] [2026-06-18T11:36:48.959Z] Time:          Thu Jun 18 2026 19:36:48 GMT+0800 (Philippine Standard Time)
[debug] [2026-06-18T11:36:48.959Z] ----------------------------------------------------------------------
[debug] 
[debug] [2026-06-18T11:36:49.054Z] > command requires scopes: ["email","openid","https://www.googleapis.com/auth/cloudplatformprojects.readonly","https://www.googleapis.com/auth/firebase","https://www.googleapis.com/auth/cloud-platform"]
[debug] [2026-06-18T11:36:49.054Z] > authorizing via signed-in user (rejesth.main@gmail.com)
[debug] [2026-06-18T11:36:49.054Z] [iam] checking project javacrafts-6d675 for permissions ["datastore.indexes.create","datastore.indexes.delete","datastore.indexes.list","datastore.indexes.update","firebase.projects.get"]
[debug] [2026-06-18T11:36:49.055Z] Checked if tokens are valid: false, expires at: 1781783086050
[debug] [2026-06-18T11:36:49.055Z] Checked if tokens are valid: false, expires at: 1781783086050
[debug] [2026-06-18T11:36:49.055Z] > refreshing access token with scopes: []
[debug] [2026-06-18T11:36:49.056Z] >>> [apiv2][query] POST https://www.googleapis.com/oauth2/v3/token [none]
[debug] [2026-06-18T11:36:49.056Z] >>> [apiv2][body] POST https://www.googleapis.com/oauth2/v3/token [omitted]
[debug] [2026-06-18T11:36:49.287Z] <<< [apiv2][status] POST https://www.googleapis.com/oauth2/v3/token 200
[debug] [2026-06-18T11:36:49.288Z] <<< [apiv2][body] POST https://www.googleapis.com/oauth2/v3/token [omitted]
[debug] [2026-06-18T11:36:49.305Z] >>> [apiv2][query] POST https://cloudresourcemanager.googleapis.com/v1/projects/javacrafts-6d675:testIamPermissions [none]
[debug] [2026-06-18T11:36:49.305Z] >>> [apiv2][(partial)header] POST https://cloudresourcemanager.googleapis.com/v1/projects/javacrafts-6d675:testIamPermissions x-goog-quota-user=projects/javacrafts-6d675
[debug] [2026-06-18T11:36:49.305Z] >>> [apiv2][body] POST https://cloudresourcemanager.googleapis.com/v1/projects/javacrafts-6d675:testIamPermissions {"permissions":["datastore.indexes.create","datastore.indexes.delete","datastore.indexes.list","datastore.indexes.update","firebase.projects.get"]}
[debug] [2026-06-18T11:36:50.473Z] <<< [apiv2][status] POST https://cloudresourcemanager.googleapis.com/v1/projects/javacrafts-6d675:testIamPermissions 200
[debug] [2026-06-18T11:36:50.473Z] <<< [apiv2][body] POST https://cloudresourcemanager.googleapis.com/v1/projects/javacrafts-6d675:testIamPermissions {"permissions":["datastore.indexes.create","datastore.indexes.delete","datastore.indexes.list","datastore.indexes.update","firebase.projects.get"]}
[info] 
[info] === Deploying to 'javacrafts-6d675'...
[info] 
[info] i  deploying firestore 
[info] i  cloud.firestore: checking firestore.rules for compilation errors... 
[debug] [2026-06-18T11:36:50.479Z] Checked if tokens are valid: true, expires at: 1781786208288
[debug] [2026-06-18T11:36:50.480Z] Checked if tokens are valid: true, expires at: 1781786208288
[debug] [2026-06-18T11:36:50.480Z] >>> [apiv2][query] POST https://firebaserules.googleapis.com/v1/projects/javacrafts-6d675:test [none]
[debug] [2026-06-18T11:36:50.480Z] >>> [apiv2][body] POST https://firebaserules.googleapis.com/v1/projects/javacrafts-6d675:test [omitted]
[debug] [2026-06-18T11:36:51.873Z] <<< [apiv2][status] POST https://firebaserules.googleapis.com/v1/projects/javacrafts-6d675:test 200
[debug] [2026-06-18T11:36:51.873Z] <<< [apiv2][body] POST https://firebaserules.googleapis.com/v1/projects/javacrafts-6d675:test {}
[info] ✔  cloud.firestore: rules file firestore.rules compiled successfully 
[debug] [2026-06-18T11:36:51.876Z] Checked if tokens are valid: true, expires at: 1781786208288
[debug] [2026-06-18T11:36:51.876Z] Checked if tokens are valid: true, expires at: 1781786208288
[debug] [2026-06-18T11:36:51.876Z] >>> [apiv2][query] GET https://firebaserules.googleapis.com/v1/projects/javacrafts-6d675/releases pageSize=10&pageToken=
[debug] [2026-06-18T11:36:52.977Z] <<< [apiv2][status] GET https://firebaserules.googleapis.com/v1/projects/javacrafts-6d675/releases 200
[debug] [2026-06-18T11:36:52.978Z] <<< [apiv2][body] GET https://firebaserules.googleapis.com/v1/projects/javacrafts-6d675/releases {"releases":[{"name":"projects/javacrafts-6d675/releases/cloud.firestore","rulesetName":"projects/javacrafts-6d675/rulesets/2fb47e18-4a62-4e26-b23b-ee06c73de8b7","createTime":"2026-06-18T10:49:36.616117Z","updateTime":"2026-06-18T10:49:36.616117Z"},{"name":"projects/javacrafts-6d675/releases/firebase.storage/javacrafts-6d675.firebasestorage.app","rulesetName":"projects/javacrafts-6d675/rulesets/67c111b2-fc64-4e84-b9cb-cba717f1ff4b","createTime":"2026-06-18T10:50:14.355249Z","updateTime":"2026-06-18T11:35:39.357836Z"}]}
[debug] [2026-06-18T11:36:53.001Z] Checked if tokens are valid: true, expires at: 1781786208288
[debug] [2026-06-18T11:36:53.002Z] Checked if tokens are valid: true, expires at: 1781786208288
[debug] [2026-06-18T11:36:53.002Z] >>> [apiv2][query] GET https://firebaserules.googleapis.com/v1/projects/javacrafts-6d675/rulesets/2fb47e18-4a62-4e26-b23b-ee06c73de8b7 [none]
[debug] [2026-06-18T11:36:54.144Z] <<< [apiv2][status] GET https://firebaserules.googleapis.com/v1/projects/javacrafts-6d675/rulesets/2fb47e18-4a62-4e26-b23b-ee06c73de8b7 200
[debug] [2026-06-18T11:36:54.144Z] <<< [apiv2][body] GET https://firebaserules.googleapis.com/v1/projects/javacrafts-6d675/rulesets/2fb47e18-4a62-4e26-b23b-ee06c73de8b7 [omitted]
[info] i  firestore: latest version of firestore.rules already up to date, skipping upload... 
[debug] [2026-06-18T11:36:54.146Z] [rules] releasing cloud.firestore/(default) with ruleset projects/javacrafts-6d675/rulesets/2fb47e18-4a62-4e26-b23b-ee06c73de8b7
[debug] [2026-06-18T11:36:54.147Z] Checked if tokens are valid: true, expires at: 1781786208288
[debug] [2026-06-18T11:36:54.147Z] Checked if tokens are valid: true, expires at: 1781786208288
[debug] [2026-06-18T11:36:54.148Z] >>> [apiv2][query] PATCH https://firebaserules.googleapis.com/v1/projects/javacrafts-6d675/releases/cloud.firestore/(default) [none]
[debug] [2026-06-18T11:36:54.148Z] >>> [apiv2][body] PATCH https://firebaserules.googleapis.com/v1/projects/javacrafts-6d675/releases/cloud.firestore/(default) {"release":{"name":"projects/javacrafts-6d675/releases/cloud.firestore/(default)","rulesetName":"projects/javacrafts-6d675/rulesets/2fb47e18-4a62-4e26-b23b-ee06c73de8b7"}}
[debug] [2026-06-18T11:36:55.330Z] <<< [apiv2][status] PATCH https://firebaserules.googleapis.com/v1/projects/javacrafts-6d675/releases/cloud.firestore/(default) 200
[debug] [2026-06-18T11:36:55.330Z] <<< [apiv2][body] PATCH https://firebaserules.googleapis.com/v1/projects/javacrafts-6d675/releases/cloud.firestore/(default) {"name":"projects/javacrafts-6d675/releases/cloud.firestore","rulesetName":"projects/javacrafts-6d675/rulesets/2fb47e18-4a62-4e26-b23b-ee06c73de8b7","createTime":"2026-06-18T10:49:36.616117Z","updateTime":"2026-06-18T11:36:55.223894Z"}
[debug] [2026-06-18T11:36:55.330Z] [rules] updated release projects/javacrafts-6d675/releases/cloud.firestore
[info] ✔  firestore: released rules firestore.rules to cloud.firestore 
[info] 
[info] ✔  Deploy complete! 
[info] 
[info] Project Console: https://console.firebase.google.com/project/javacrafts-6d675/overview
[debug] [2026-06-18T11:37:19.152Z] ----------------------------------------------------------------------
[debug] [2026-06-18T11:37:19.154Z] Command:       /usr/local/bin/node /usr/local/bin/firebase deploy --only storage --project javacrafts-6d675
[debug] [2026-06-18T11:37:19.154Z] CLI Version:   13.34.0
[debug] [2026-06-18T11:37:19.154Z] Platform:      darwin
[debug] [2026-06-18T11:37:19.154Z] Node Version:  v22.14.0
[debug] [2026-06-18T11:37:19.154Z] Time:          Thu Jun 18 2026 19:37:19 GMT+0800 (Philippine Standard Time)
[debug] [2026-06-18T11:37:19.155Z] ----------------------------------------------------------------------
[debug] 
[debug] [2026-06-18T11:37:19.254Z] > command requires scopes: ["email","openid","https://www.googleapis.com/auth/cloudplatformprojects.readonly","https://www.googleapis.com/auth/firebase","https://www.googleapis.com/auth/cloud-platform"]
[debug] [2026-06-18T11:37:19.255Z] > authorizing via signed-in user (rejesth.main@gmail.com)
[debug] [2026-06-18T11:37:19.255Z] [iam] checking project javacrafts-6d675 for permissions ["firebase.projects.get","firebaserules.releases.create","firebaserules.releases.update","firebaserules.rulesets.create"]
[debug] [2026-06-18T11:37:19.256Z] Checked if tokens are valid: true, expires at: 1781786208288
[debug] [2026-06-18T11:37:19.256Z] Checked if tokens are valid: true, expires at: 1781786208288
[debug] [2026-06-18T11:37:19.257Z] >>> [apiv2][query] POST https://cloudresourcemanager.googleapis.com/v1/projects/javacrafts-6d675:testIamPermissions [none]
[debug] [2026-06-18T11:37:19.257Z] >>> [apiv2][(partial)header] POST https://cloudresourcemanager.googleapis.com/v1/projects/javacrafts-6d675:testIamPermissions x-goog-quota-user=projects/javacrafts-6d675
[debug] [2026-06-18T11:37:19.257Z] >>> [apiv2][body] POST https://cloudresourcemanager.googleapis.com/v1/projects/javacrafts-6d675:testIamPermissions {"permissions":["firebase.projects.get","firebaserules.releases.create","firebaserules.releases.update","firebaserules.rulesets.create"]}
[debug] [2026-06-18T11:37:20.335Z] <<< [apiv2][status] POST https://cloudresourcemanager.googleapis.com/v1/projects/javacrafts-6d675:testIamPermissions 200
[debug] [2026-06-18T11:37:20.335Z] <<< [apiv2][body] POST https://cloudresourcemanager.googleapis.com/v1/projects/javacrafts-6d675:testIamPermissions {"permissions":["firebase.projects.get","firebaserules.releases.create","firebaserules.releases.update","firebaserules.rulesets.create"]}
[info] 
[info] === Deploying to 'javacrafts-6d675'...
[info] 
[info] i  deploying storage 
[info] i  firebase.storage: checking storage.rules for compilation errors... 
[debug] [2026-06-18T11:37:20.342Z] Checked if tokens are valid: true, expires at: 1781786208288
[debug] [2026-06-18T11:37:20.342Z] Checked if tokens are valid: true, expires at: 1781786208288
[debug] [2026-06-18T11:37:20.342Z] >>> [apiv2][query] POST https://firebaserules.googleapis.com/v1/projects/javacrafts-6d675:test [none]
[debug] [2026-06-18T11:37:20.342Z] >>> [apiv2][body] POST https://firebaserules.googleapis.com/v1/projects/javacrafts-6d675:test [omitted]
[debug] [2026-06-18T11:37:21.650Z] <<< [apiv2][status] POST https://firebaserules.googleapis.com/v1/projects/javacrafts-6d675:test 200
[debug] [2026-06-18T11:37:21.650Z] <<< [apiv2][body] POST https://firebaserules.googleapis.com/v1/projects/javacrafts-6d675:test {}
[info] ✔  firebase.storage: rules file storage.rules compiled successfully 
[debug] [2026-06-18T11:37:21.652Z] Checked if tokens are valid: true, expires at: 1781786208288
[debug] [2026-06-18T11:37:21.653Z] Checked if tokens are valid: true, expires at: 1781786208288
[debug] [2026-06-18T11:37:21.653Z] >>> [apiv2][query] GET https://firebaserules.googleapis.com/v1/projects/javacrafts-6d675/releases pageSize=10&pageToken=
[debug] [2026-06-18T11:37:22.815Z] <<< [apiv2][status] GET https://firebaserules.googleapis.com/v1/projects/javacrafts-6d675/releases 200
[debug] [2026-06-18T11:37:22.815Z] <<< [apiv2][body] GET https://firebaserules.googleapis.com/v1/projects/javacrafts-6d675/releases {"releases":[{"name":"projects/javacrafts-6d675/releases/cloud.firestore","rulesetName":"projects/javacrafts-6d675/rulesets/2fb47e18-4a62-4e26-b23b-ee06c73de8b7","createTime":"2026-06-18T10:49:36.616117Z","updateTime":"2026-06-18T11:36:55.223894Z"},{"name":"projects/javacrafts-6d675/releases/firebase.storage/javacrafts-6d675.firebasestorage.app","rulesetName":"projects/javacrafts-6d675/rulesets/67c111b2-fc64-4e84-b9cb-cba717f1ff4b","createTime":"2026-06-18T10:50:14.355249Z","updateTime":"2026-06-18T11:35:39.357836Z"}]}
[debug] [2026-06-18T11:37:22.837Z] Checked if tokens are valid: true, expires at: 1781786208288
[debug] [2026-06-18T11:37:22.837Z] Checked if tokens are valid: true, expires at: 1781786208288
[debug] [2026-06-18T11:37:22.837Z] >>> [apiv2][query] GET https://firebaserules.googleapis.com/v1/projects/javacrafts-6d675/rulesets/67c111b2-fc64-4e84-b9cb-cba717f1ff4b [none]
[debug] [2026-06-18T11:37:23.934Z] <<< [apiv2][status] GET https://firebaserules.googleapis.com/v1/projects/javacrafts-6d675/rulesets/67c111b2-fc64-4e84-b9cb-cba717f1ff4b 200
[debug] [2026-06-18T11:37:23.934Z] <<< [apiv2][body] GET https://firebaserules.googleapis.com/v1/projects/javacrafts-6d675/rulesets/67c111b2-fc64-4e84-b9cb-cba717f1ff4b [omitted]
[info] i  storage: uploading rules storage.rules... 
[debug] [2026-06-18T11:37:23.937Z] Checked if tokens are valid: true, expires at: 1781786208288
[debug] [2026-06-18T11:37:23.937Z] Checked if tokens are valid: true, expires at: 1781786208288
[debug] [2026-06-18T11:37:23.939Z] >>> [apiv2][query] POST https://firebaserules.googleapis.com/v1/projects/javacrafts-6d675/rulesets [none]
[debug] [2026-06-18T11:37:23.939Z] >>> [apiv2][body] POST https://firebaserules.googleapis.com/v1/projects/javacrafts-6d675/rulesets [omitted]
[debug] [2026-06-18T11:37:25.210Z] <<< [apiv2][status] POST https://firebaserules.googleapis.com/v1/projects/javacrafts-6d675/rulesets 200
[debug] [2026-06-18T11:37:25.210Z] <<< [apiv2][body] POST https://firebaserules.googleapis.com/v1/projects/javacrafts-6d675/rulesets {"name":"projects/javacrafts-6d675/rulesets/396baed3-1931-48c1-b91a-2b1fb15326b4","source":{"files":[{"content":"rules_version = '2';\n\nservice firebase.storage {\n  match /b/{bucket}/o {\n    match /{path=**} {\n      allow read, write: if false;\n    }\n  }\n}\n","name":"storage.rules"}]},"createTime":"2026-06-18T11:37:25.042223Z","metadata":{"services":["firebase.storage"]}}
[debug] [2026-06-18T11:37:25.210Z] [rules] created ruleset projects/javacrafts-6d675/rulesets/396baed3-1931-48c1-b91a-2b1fb15326b4
[debug] [2026-06-18T11:37:25.210Z] [rules] releasing firebase.storage/javacrafts-6d675.firebasestorage.app with ruleset projects/javacrafts-6d675/rulesets/396baed3-1931-48c1-b91a-2b1fb15326b4
[debug] [2026-06-18T11:37:25.210Z] Checked if tokens are valid: true, expires at: 1781786208288
[debug] [2026-06-18T11:37:25.210Z] Checked if tokens are valid: true, expires at: 1781786208288
[debug] [2026-06-18T11:37:25.210Z] >>> [apiv2][query] PATCH https://firebaserules.googleapis.com/v1/projects/javacrafts-6d675/releases/firebase.storage/javacrafts-6d675.firebasestorage.app [none]
[debug] [2026-06-18T11:37:25.210Z] >>> [apiv2][body] PATCH https://firebaserules.googleapis.com/v1/projects/javacrafts-6d675/releases/firebase.storage/javacrafts-6d675.firebasestorage.app {"release":{"name":"projects/javacrafts-6d675/releases/firebase.storage/javacrafts-6d675.firebasestorage.app","rulesetName":"projects/javacrafts-6d675/rulesets/396baed3-1931-48c1-b91a-2b1fb15326b4"}}
[debug] [2026-06-18T11:37:25.736Z] <<< [apiv2][status] PATCH https://firebaserules.googleapis.com/v1/projects/javacrafts-6d675/releases/firebase.storage/javacrafts-6d675.firebasestorage.app 200
[debug] [2026-06-18T11:37:25.736Z] <<< [apiv2][body] PATCH https://firebaserules.googleapis.com/v1/projects/javacrafts-6d675/releases/firebase.storage/javacrafts-6d675.firebasestorage.app {"name":"projects/javacrafts-6d675/releases/firebase.storage/javacrafts-6d675.firebasestorage.app","rulesetName":"projects/javacrafts-6d675/rulesets/396baed3-1931-48c1-b91a-2b1fb15326b4","createTime":"2026-06-18T10:50:14.355249Z","updateTime":"2026-06-18T11:37:25.628219Z"}
[debug] [2026-06-18T11:37:25.736Z] [rules] updated release projects/javacrafts-6d675/releases/firebase.storage/javacrafts-6d675.firebasestorage.app
[info] ✔  storage: released rules storage.rules to firebase.storage 
[info] 
[info] ✔  Deploy complete! 
[info] 
[info] Project Console: https://console.firebase.google.com/project/javacrafts-6d675/overview
[debug] [2026-06-18T11:37:56.344Z] ----------------------------------------------------------------------
[debug] [2026-06-18T11:37:56.344Z] ----------------------------------------------------------------------
[debug] [2026-06-18T11:37:56.346Z] Command:       /usr/local/bin/node /usr/local/bin/firebase firestore:databases:list --project javacrafts-6d675
[debug] [2026-06-18T11:37:56.346Z] CLI Version:   13.34.0
[debug] [2026-06-18T11:37:56.346Z] Platform:      darwin
[debug] [2026-06-18T11:37:56.346Z] Node Version:  v22.14.0
[debug] [2026-06-18T11:37:56.346Z] Time:          Thu Jun 18 2026 19:37:56 GMT+0800 (Philippine Standard Time)
[debug] [2026-06-18T11:37:56.346Z] ----------------------------------------------------------------------
[debug] 
[debug] [2026-06-18T11:37:56.474Z] > command requires scopes: ["email","openid","https://www.googleapis.com/auth/cloudplatformprojects.readonly","https://www.googleapis.com/auth/firebase","https://www.googleapis.com/auth/cloud-platform"]
[debug] [2026-06-18T11:37:56.475Z] > authorizing via signed-in user (rejesth.main@gmail.com)
[debug] [2026-06-18T11:37:56.475Z] [iam] checking project javacrafts-6d675 for permissions ["datastore.databases.list","firebase.projects.get"]
[debug] [2026-06-18T11:37:56.476Z] Checked if tokens are valid: true, expires at: 1781786208288
[debug] [2026-06-18T11:37:56.476Z] Checked if tokens are valid: true, expires at: 1781786208288
[debug] [2026-06-18T11:37:56.477Z] >>> [apiv2][query] POST https://cloudresourcemanager.googleapis.com/v1/projects/javacrafts-6d675:testIamPermissions [none]
[debug] [2026-06-18T11:37:56.477Z] >>> [apiv2][(partial)header] POST https://cloudresourcemanager.googleapis.com/v1/projects/javacrafts-6d675:testIamPermissions x-goog-quota-user=projects/javacrafts-6d675
[debug] [2026-06-18T11:37:56.477Z] >>> [apiv2][body] POST https://cloudresourcemanager.googleapis.com/v1/projects/javacrafts-6d675:testIamPermissions {"permissions":["datastore.databases.list","firebase.projects.get"]}
[debug] [2026-06-18T11:37:56.346Z] Command:       /usr/local/bin/node /usr/local/bin/firebase firestore:locations --project javacrafts-6d675
[debug] [2026-06-18T11:37:56.346Z] CLI Version:   13.34.0
[debug] [2026-06-18T11:37:56.346Z] Platform:      darwin
[debug] [2026-06-18T11:37:56.346Z] Node Version:  v22.14.0
[debug] [2026-06-18T11:37:56.346Z] Time:          Thu Jun 18 2026 19:37:56 GMT+0800 (Philippine Standard Time)
[debug] [2026-06-18T11:37:56.346Z] ----------------------------------------------------------------------
[debug] 
[debug] [2026-06-18T11:37:56.479Z] > command requires scopes: ["email","openid","https://www.googleapis.com/auth/cloudplatformprojects.readonly","https://www.googleapis.com/auth/firebase","https://www.googleapis.com/auth/cloud-platform"]
[debug] [2026-06-18T11:37:56.480Z] > authorizing via signed-in user (rejesth.main@gmail.com)
[debug] [2026-06-18T11:37:56.480Z] [iam] checking project javacrafts-6d675 for permissions ["datastore.locations.list","firebase.projects.get"]
[debug] [2026-06-18T11:37:56.480Z] Checked if tokens are valid: true, expires at: 1781786208288
[debug] [2026-06-18T11:37:56.481Z] Checked if tokens are valid: true, expires at: 1781786208288
[debug] [2026-06-18T11:37:56.481Z] >>> [apiv2][query] POST https://cloudresourcemanager.googleapis.com/v1/projects/javacrafts-6d675:testIamPermissions [none]
[debug] [2026-06-18T11:37:56.481Z] >>> [apiv2][(partial)header] POST https://cloudresourcemanager.googleapis.com/v1/projects/javacrafts-6d675:testIamPermissions x-goog-quota-user=projects/javacrafts-6d675
[debug] [2026-06-18T11:37:56.481Z] >>> [apiv2][body] POST https://cloudresourcemanager.googleapis.com/v1/projects/javacrafts-6d675:testIamPermissions {"permissions":["datastore.locations.list","firebase.projects.get"]}
[debug] [2026-06-18T11:37:57.531Z] <<< [apiv2][status] POST https://cloudresourcemanager.googleapis.com/v1/projects/javacrafts-6d675:testIamPermissions 200
[debug] [2026-06-18T11:37:57.532Z] <<< [apiv2][body] POST https://cloudresourcemanager.googleapis.com/v1/projects/javacrafts-6d675:testIamPermissions {"permissions":["datastore.databases.list","firebase.projects.get"]}
[debug] [2026-06-18T11:37:57.532Z] Checked if tokens are valid: true, expires at: 1781786208288
[debug] [2026-06-18T11:37:57.533Z] Checked if tokens are valid: true, expires at: 1781786208288
[debug] [2026-06-18T11:37:57.533Z] >>> [apiv2][query] GET https://firestore.googleapis.com/v1/projects/javacrafts-6d675/databases [none]
[debug] [2026-06-18T11:37:57.546Z] <<< [apiv2][status] POST https://cloudresourcemanager.googleapis.com/v1/projects/javacrafts-6d675:testIamPermissions 200
[debug] [2026-06-18T11:37:57.546Z] <<< [apiv2][body] POST https://cloudresourcemanager.googleapis.com/v1/projects/javacrafts-6d675:testIamPermissions {"permissions":["datastore.locations.list","firebase.projects.get"]}
[debug] [2026-06-18T11:37:57.547Z] Checked if tokens are valid: true, expires at: 1781786208288
[debug] [2026-06-18T11:37:57.547Z] Checked if tokens are valid: true, expires at: 1781786208288
[debug] [2026-06-18T11:37:57.547Z] >>> [apiv2][query] GET https://firestore.googleapis.com/v1/projects/javacrafts-6d675/locations [none]
[debug] [2026-06-18T11:37:57.812Z] <<< [apiv2][status] GET https://firestore.googleapis.com/v1/projects/javacrafts-6d675/databases 403
[debug] [2026-06-18T11:37:57.812Z] <<< [apiv2][body] GET https://firestore.googleapis.com/v1/projects/javacrafts-6d675/databases {"error":{"code":403,"message":"Cloud Firestore API has not been used in project javacrafts-6d675 before or it is disabled. Enable it by visiting https://console.developers.google.com/apis/api/firestore.googleapis.com/overview?project=javacrafts-6d675 then retry. If you enabled this API recently, wait a few minutes for the action to propagate to our systems and retry.","status":"PERMISSION_DENIED","details":[{"@type":"type.googleapis.com/google.rpc.ErrorInfo","reason":"SERVICE_DISABLED","domain":"googleapis.com","metadata":{"consumer":"projects/javacrafts-6d675","serviceTitle":"Cloud Firestore API","service":"firestore.googleapis.com","containerInfo":"javacrafts-6d675","activationUrl":"https://console.developers.google.com/apis/api/firestore.googleapis.com/overview?project=javacrafts-6d675"}},{"@type":"type.googleapis.com/google.rpc.LocalizedMessage","locale":"en-US","message":"Cloud Firestore API has not been used in project javacrafts-6d675 before or it is disabled. Enable it by visiting https://console.developers.google.com/apis/api/firestore.googleapis.com/overview?project=javacrafts-6d675 then retry. If you enabled this API recently, wait a few minutes for the action to propagate to our systems and retry."},{"@type":"type.googleapis.com/google.rpc.Help","links":[{"description":"Google developers console API activation","url":"https://console.developers.google.com/apis/api/firestore.googleapis.com/overview?project=javacrafts-6d675"}]}]}}
[error] 
[error] Error: Request to https://firestore.googleapis.com/v1/projects/javacrafts-6d675/databases had HTTP Error: 403, Cloud Firestore API has not been used in project javacrafts-6d675 before or it is disabled. Enable it by visiting https://console.developers.google.com/apis/api/firestore.googleapis.com/overview?project=javacrafts-6d675 then retry. If you enabled this API recently, wait a few minutes for the action to propagate to our systems and retry.
[debug] [2026-06-18T11:37:57.997Z] Error Context: {
  "body": {
    "error": {
      "code": 403,
      "message": "Cloud Firestore API has not been used in project javacrafts-6d675 before or it is disabled. Enable it by visiting https://console.developers.google.com/apis/api/firestore.googleapis.com/overview?project=javacrafts-6d675 then retry. If you enabled this API recently, wait a few minutes for the action to propagate to our systems and retry.",
      "status": "PERMISSION_DENIED",
      "details": [
        {
          "@type": "type.googleapis.com/google.rpc.ErrorInfo",
          "reason": "SERVICE_DISABLED",
          "domain": "googleapis.com",
          "metadata": {
            "consumer": "projects/javacrafts-6d675",
            "serviceTitle": "Cloud Firestore API",
            "service": "firestore.googleapis.com",
            "containerInfo": "javacrafts-6d675",
            "activationUrl": "https://console.developers.google.com/apis/api/firestore.googleapis.com/overview?project=javacrafts-6d675"
          }
        },
        {
          "@type": "type.googleapis.com/google.rpc.LocalizedMessage",
          "locale": "en-US",
          "message": "Cloud Firestore API has not been used in project javacrafts-6d675 before or it is disabled. Enable it by visiting https://console.developers.google.com/apis/api/firestore.googleapis.com/overview?project=javacrafts-6d675 then retry. If you enabled this API recently, wait a few minutes for the action to propagate to our systems and retry."
        },
        {
          "@type": "type.googleapis.com/google.rpc.Help",
          "links": [
            {
              "description": "Google developers console API activation",
              "url": "https://console.developers.google.com/apis/api/firestore.googleapis.com/overview?project=javacrafts-6d675"
            }
          ]
        }
      ]
    }
  },
  "response": {
    "statusCode": 403
  }
}
[debug] [2026-06-18T11:37:58.117Z] <<< [apiv2][status] GET https://firestore.googleapis.com/v1/projects/javacrafts-6d675/locations 403
[debug] [2026-06-18T11:37:58.117Z] <<< [apiv2][body] GET https://firestore.googleapis.com/v1/projects/javacrafts-6d675/locations {"error":{"code":403,"message":"Cloud Firestore API has not been used in project javacrafts-6d675 before or it is disabled. Enable it by visiting https://console.developers.google.com/apis/api/firestore.googleapis.com/overview?project=javacrafts-6d675 then retry. If you enabled this API recently, wait a few minutes for the action to propagate to our systems and retry.","status":"PERMISSION_DENIED","details":[{"@type":"type.googleapis.com/google.rpc.ErrorInfo","reason":"SERVICE_DISABLED","domain":"googleapis.com","metadata":{"consumer":"projects/javacrafts-6d675","containerInfo":"javacrafts-6d675","serviceTitle":"Cloud Firestore API","activationUrl":"https://console.developers.google.com/apis/api/firestore.googleapis.com/overview?project=javacrafts-6d675","service":"firestore.googleapis.com"}},{"@type":"type.googleapis.com/google.rpc.LocalizedMessage","locale":"en-US","message":"Cloud Firestore API has not been used in project javacrafts-6d675 before or it is disabled. Enable it by visiting https://console.developers.google.com/apis/api/firestore.googleapis.com/overview?project=javacrafts-6d675 then retry. If you enabled this API recently, wait a few minutes for the action to propagate to our systems and retry."},{"@type":"type.googleapis.com/google.rpc.Help","links":[{"description":"Google developers console API activation","url":"https://console.developers.google.com/apis/api/firestore.googleapis.com/overview?project=javacrafts-6d675"}]}]}}
[error] 
[error] Error: Request to https://firestore.googleapis.com/v1/projects/javacrafts-6d675/locations had HTTP Error: 403, Cloud Firestore API has not been used in project javacrafts-6d675 before or it is disabled. Enable it by visiting https://console.developers.google.com/apis/api/firestore.googleapis.com/overview?project=javacrafts-6d675 then retry. If you enabled this API recently, wait a few minutes for the action to propagate to our systems and retry.
[debug] [2026-06-18T11:37:58.343Z] Error Context: {
  "body": {
    "error": {
      "code": 403,
      "message": "Cloud Firestore API has not been used in project javacrafts-6d675 before or it is disabled. Enable it by visiting https://console.developers.google.com/apis/api/firestore.googleapis.com/overview?project=javacrafts-6d675 then retry. If you enabled this API recently, wait a few minutes for the action to propagate to our systems and retry.",
      "status": "PERMISSION_DENIED",
      "details": [
        {
          "@type": "type.googleapis.com/google.rpc.ErrorInfo",
          "reason": "SERVICE_DISABLED",
          "domain": "googleapis.com",
          "metadata": {
            "consumer": "projects/javacrafts-6d675",
            "containerInfo": "javacrafts-6d675",
            "serviceTitle": "Cloud Firestore API",
            "activationUrl": "https://console.developers.google.com/apis/api/firestore.googleapis.com/overview?project=javacrafts-6d675",
            "service": "firestore.googleapis.com"
          }
        },
        {
          "@type": "type.googleapis.com/google.rpc.LocalizedMessage",
          "locale": "en-US",
          "message": "Cloud Firestore API has not been used in project javacrafts-6d675 before or it is disabled. Enable it by visiting https://console.developers.google.com/apis/api/firestore.googleapis.com/overview?project=javacrafts-6d675 then retry. If you enabled this API recently, wait a few minutes for the action to propagate to our systems and retry."
        },
        {
          "@type": "type.googleapis.com/google.rpc.Help",
          "links": [
            {
              "description": "Google developers console API activation",
              "url": "https://console.developers.google.com/apis/api/firestore.googleapis.com/overview?project=javacrafts-6d675"
            }
          ]
        }
      ]
    }
  },
  "response": {
    "statusCode": 403
  }
}
[debug] [2026-06-18T11:41:21.185Z] ----------------------------------------------------------------------
[debug] [2026-06-18T11:41:21.186Z] Command:       /usr/local/bin/node /usr/local/bin/firebase firestore:databases:list --project javacrafts-6d675
[debug] [2026-06-18T11:41:21.187Z] CLI Version:   13.34.0
[debug] [2026-06-18T11:41:21.187Z] Platform:      darwin
[debug] [2026-06-18T11:41:21.187Z] Node Version:  v22.14.0
[debug] [2026-06-18T11:41:21.187Z] Time:          Thu Jun 18 2026 19:41:21 GMT+0800 (Philippine Standard Time)
[debug] [2026-06-18T11:41:21.187Z] ----------------------------------------------------------------------
[debug] 
[debug] [2026-06-18T11:41:21.289Z] > command requires scopes: ["email","openid","https://www.googleapis.com/auth/cloudplatformprojects.readonly","https://www.googleapis.com/auth/firebase","https://www.googleapis.com/auth/cloud-platform"]
[debug] [2026-06-18T11:41:21.290Z] > authorizing via signed-in user (rejesth.main@gmail.com)
[debug] [2026-06-18T11:41:21.290Z] [iam] checking project javacrafts-6d675 for permissions ["datastore.databases.list","firebase.projects.get"]
[debug] [2026-06-18T11:41:21.290Z] Checked if tokens are valid: true, expires at: 1781786208288
[debug] [2026-06-18T11:41:21.290Z] Checked if tokens are valid: true, expires at: 1781786208288
[debug] [2026-06-18T11:41:21.291Z] >>> [apiv2][query] POST https://cloudresourcemanager.googleapis.com/v1/projects/javacrafts-6d675:testIamPermissions [none]
[debug] [2026-06-18T11:41:21.291Z] >>> [apiv2][(partial)header] POST https://cloudresourcemanager.googleapis.com/v1/projects/javacrafts-6d675:testIamPermissions x-goog-quota-user=projects/javacrafts-6d675
[debug] [2026-06-18T11:41:21.291Z] >>> [apiv2][body] POST https://cloudresourcemanager.googleapis.com/v1/projects/javacrafts-6d675:testIamPermissions {"permissions":["datastore.databases.list","firebase.projects.get"]}
[debug] [2026-06-18T11:41:22.287Z] <<< [apiv2][status] POST https://cloudresourcemanager.googleapis.com/v1/projects/javacrafts-6d675:testIamPermissions 200
[debug] [2026-06-18T11:41:22.287Z] <<< [apiv2][body] POST https://cloudresourcemanager.googleapis.com/v1/projects/javacrafts-6d675:testIamPermissions {"permissions":["datastore.databases.list","firebase.projects.get"]}
[debug] [2026-06-18T11:41:22.288Z] Checked if tokens are valid: true, expires at: 1781786208288
[debug] [2026-06-18T11:41:22.288Z] Checked if tokens are valid: true, expires at: 1781786208288
[debug] [2026-06-18T11:41:22.288Z] >>> [apiv2][query] GET https://firestore.googleapis.com/v1/projects/javacrafts-6d675/databases [none]
[debug] [2026-06-18T11:41:23.018Z] <<< [apiv2][status] GET https://firestore.googleapis.com/v1/projects/javacrafts-6d675/databases 200
[debug] [2026-06-18T11:41:23.018Z] <<< [apiv2][body] GET https://firestore.googleapis.com/v1/projects/javacrafts-6d675/databases {"databases":[{"name":"projects/javacrafts-6d675/databases/(default)","uid":"4354b431-96d3-4ef9-8ceb-63367054fa2b","createTime":"2026-06-18T11:40:42.274298Z","updateTime":"2026-06-18T11:40:42.274298Z","locationId":"asia-southeast1","type":"FIRESTORE_NATIVE","concurrencyMode":"PESSIMISTIC","versionRetentionPeriod":"3600s","earliestVersionTime":"2026-06-18T11:40:42.274298Z","appEngineIntegrationMode":"DISABLED","keyPrefix":"zas","pointInTimeRecoveryEnablement":"POINT_IN_TIME_RECOVERY_DISABLED","deleteProtectionState":"DELETE_PROTECTION_DISABLED","databaseEdition":"STANDARD","freeTier":true,"realtimeUpdatesMode":"REALTIME_UPDATES_MODE_ENABLED","etag":"IIf+pr7akJUDMKnonrHakJUD"}]}
[info] ┌──────────────────────────────────────────────────┐
│ Database Name                                    │
├──────────────────────────────────────────────────┤
│ projects/javacrafts-6d675/databases/(default)    │
└──────────────────────────────────────────────────┘
